// Jest Snapshot v1, https://goo.gl/fbAQLP

exports[`Analytics > AMP Components renders correctly 1`] = `
Array [
  <amp-analytics
    type="googleanalytics"
  >
    <script
      dangerouslySetInnerHTML={
        Object {
          "__html": "{
  \\"vars\\": {
    \\"account\\": \\"UA-12345678-1\\"
  },
  \\"triggers\\": {
    \\"openMenu\\": {
      \\"on\\": \\"click\\",
      \\"selector\\": \\".menu\\",
      \\"request\\": \\"event\\",
      \\"vars\\": {
        \\"eventCategory\\": \\"AMP - Post bar\\",
        \\"eventAction\\": \\"AMP - open menu\\"
      }
    }
  }
}",
        }
      }
      type="application/json"
    />
  </amp-analytics>,
  <amp-analytics
    type="googleanalytics"
  >
    <script
      dangerouslySetInnerHTML={
        Object {
          "__html": "{
  \\"vars\\": {
    \\"account\\": \\"UA-12345678-2\\"
  },
  \\"triggers\\": {
    \\"openMenu\\": {
      \\"on\\": \\"click\\",
      \\"selector\\": \\".menu\\",
      \\"request\\": \\"event\\",
      \\"vars\\": {
        \\"eventCategory\\": \\"AMP - Post bar\\",
        \\"eventAction\\": \\"AMP - open menu\\"
      }
    },
    \\"trackPageview\\": {
      \\"on\\": \\"visible\\",
      \\"request\\": \\"pageview\\",
      \\"vars\\": {
        \\"title\\": \\"The Beauties of Gullfoss â€“ Demo Frontity\\",
        \\"documentLocation\\": \\"https://demo.frontity.test/the-beauties-of-gullfoss/amp/\\"
      }
    }
  },
  \\"extraUrlParams\\": {
    \\"cd1\\": \\"dim1_post60\\",
    \\"cd2\\": \\"dim2_post60\\"
  }
}",
        }
      }
      type="application/json"
    />
  </amp-analytics>,
  <amp-analytics
    config="https://www.googletagmanager.com/amp.json?id=GTM-112233&gtm.url=SOURCE_URL"
    data-credentials="include"
  >
    <script
      dangerouslySetInnerHTML={
        Object {
          "__html": "{
  \\"vars\\": {
    \\"anonymize\\": false,
    \\"siteId\\": \\"site1122334455\\",
    \\"userIds\\": [
      \\"user00\\",
      \\"user01\\"
    ],
    \\"theme\\": \\"saturn-theme\\",
    \\"extensions\\": \\"saturn-theme,wp-org-connection\\",
    \\"plan\\": \\"enterprise\\",
    \\"pageType\\": \\"amp\\",
    \\"dev\\": true,
    \\"site\\": \\"https://demo.frontity.test\\",
    \\"title\\": \\"The Beauties of Gullfoss\\",
    \\"url\\": \\"https://demo.frontity.test/the-beauties-of-gullfoss/amp/\\",
    \\"type\\": \\"post\\",
    \\"id\\": 60,
    \\"format\\": \\"amp\\",
    \\"route\\": \\"single\\",
    \\"hash\\": \\"ZO0H2I9kJ0arOdstZdG\\",
    \\"customDimensions\\": {
      \\"dimension1\\": \\"dim1_post60\\",
      \\"dimension2\\": \\"dim2_post60\\"
    }
  }
}",
        }
      }
      type="application/json"
    />
  </amp-analytics>,
  <amp-analytics
    type="comscore"
  >
    <script
      dangerouslySetInnerHTML={
        Object {
          "__html": "{\\"vars\\":{\\"c2\\":\\"test1\\"}}",
        }
      }
      type="application/json"
    />
  </amp-analytics>,
  <amp-analytics
    type="comscore"
  >
    <script
      dangerouslySetInnerHTML={
        Object {
          "__html": "{\\"vars\\":{\\"c2\\":\\"test2\\"}}",
        }
      }
      type="application/json"
    />
  </amp-analytics>,
]
`;
